// Jest Snapshot v1, https://goo.gl/fbAQLP

exports[`EditPage Page renders correctly 1`] = `
[
  <div>
    <div
      className="MuiGrid-root css-54nrqh-MuiGrid-root"
    >
      <div
        className="MuiToolbar-root MuiToolbar-gutters MuiToolbar-regular css-hyum1k-MuiToolbar-root"
      >
        <div
          className="MuiGrid-root MuiGrid-container css-1xzqqmo-MuiGrid-root"
          style={
            {
              "backgroundColor": "white",
            }
          }
        >
          <div
            className="MuiGrid-root MuiGrid-item css-fom513-MuiGrid-root"
            style={
              {
                "backgroundColor": "white",
              }
            }
          >
            <div
              className="MuiTypography-root MuiTypography-h6 css-fd7qc2-MuiTypography-root"
            >
              PhotoCamp
            </div>
          </div>
        </div>
      </div>
    </div>
  </div>,
  <div
    className="d-center"
  >
    <form>
      <h1>
        Edit Profile
      </h1>
      <hr />
      <div
        className="form-group"
      >
        <label
          className="text"
        >
          Password
        </label>
        <div
          className="input"
        >
          <input
            className="form-control"
            placeholder="Enter new password"
          />
        </div>
      </div>
      <div
        className="form-group"
      >
        <label
          className="text"
        >
          Bio
        </label>
        <div
          className="input"
        >
          <textarea
            className="bioinput form-control"
            placeholder="Enter personal bio"
          />
        </div>
      </div>
      <div
        className="form-group"
      >
        <label
          className="text"
        >
          Email
        </label>
        <div
          className="input"
        >
          <input
            className="form-control"
            placeholder="Enter email address"
          />
        </div>
      </div>
      <div
        className="form-group"
      >
        <button
          className="btn change-photo-btn"
          type="button"
        >
          Delete Account
        </button>
      </div>
      <div
        className="form-group"
      >
        <button
          className="btn save-btn"
          type="button"
        >
          Save Changes
        </button>
      </div>
    </form>
  </div>,
]
`;
