// Jest Snapshot v1, https://goo.gl/fbAQLP

exports[`EditableComment component renders correctly editableComment match snapshots 1`] = `
<div
  className="MuiGrid-root MuiGrid-container css-yto8eg-MuiGrid-root"
>
  <div
    className="MuiGrid-root MuiGrid-container MuiGrid-item css-19hkhe-MuiGrid-root"
  >
    <div
      className="MuiGrid-root MuiGrid-item css-13i4rnv-MuiGrid-root"
    >
      <div
        className="MuiAvatar-root MuiAvatar-circular MuiAvatar-colorDefault css-2s90m6-MuiAvatar-root"
      >
        <svg
          aria-hidden={true}
          className="MuiSvgIcon-root MuiSvgIcon-fontSizeMedium MuiAvatar-fallback css-10mi8st-MuiSvgIcon-root-MuiAvatar-fallback"
          data-testid="PersonIcon"
          focusable="false"
          viewBox="0 0 24 24"
        >
          <path
            d="M12 12c2.21 0 4-1.79 4-4s-1.79-4-4-4-4 1.79-4 4 1.79 4 4 4zm0 2c-2.67 0-8 1.34-8 4v2h16v-2c0-2.66-5.33-4-8-4z"
          />
        </svg>
      </div>
    </div>
    <div
      className="MuiGrid-root MuiGrid-item css-1629zra-MuiGrid-root"
    >
      <h6
        className="MuiTypography-root MuiTypography-subtitle1 css-10wpov9-MuiTypography-root"
        data-testid="test-name"
      >
        userName
      </h6>
    </div>
    <div
      className="MuiGrid-root MuiGrid-item css-17apry7-MuiGrid-root"
    >
      <p
        className="MuiTypography-root MuiTypography-body1 css-1d9ye53-MuiTypography-root"
      >
        Invalid Date
      </p>
    </div>
  </div>
  <div
    className="MuiGrid-root MuiGrid-container MuiGrid-item css-fzvh25-MuiGrid-root"
  >
    <div
      className="MuiGrid-root MuiGrid-item css-13i4rnv-MuiGrid-root"
    >
      <p
        className="MuiTypography-root MuiTypography-body1 css-ahj2mt-MuiTypography-root"
      />
    </div>
    <div
      className="MuiGrid-root css-1lh7sv1-MuiGrid-root"
    >
      <button
        className="MuiButtonBase-root MuiButton-root MuiButton-text MuiButton-textPrimary MuiButton-sizeMedium MuiButton-textSizeMedium MuiButton-root MuiButton-text MuiButton-textPrimary MuiButton-sizeMedium MuiButton-textSizeMedium css-1e6y48t-MuiButtonBase-root-MuiButton-root"
        data-testid="edit-btn"
        disabled={false}
        onBlur={[Function]}
        onClick={[Function]}
        onContextMenu={[Function]}
        onDragLeave={[Function]}
        onFocus={[Function]}
        onKeyDown={[Function]}
        onKeyUp={[Function]}
        onMouseDown={[Function]}
        onMouseLeave={[Function]}
        onMouseUp={[Function]}
        onTouchEnd={[Function]}
        onTouchMove={[Function]}
        onTouchStart={[Function]}
        style={
          {
            "maxHeight": "30px",
            "maxWidth": "15x",
            "minHeight": "30px",
            "minWidth": "15px",
          }
        }
        tabIndex={0}
        type="button"
      >
        <svg
          aria-hidden={true}
          className="MuiSvgIcon-root MuiSvgIcon-fontSizeMedium css-i4bv87-MuiSvgIcon-root"
          data-testid="ModeEditOutlineOutlinedIcon"
          focusable="false"
          style={
            {
              "color": "#3AB4F2",
              "maxHeight": "18px",
              "maxWidth": "18x",
              "minHeight": "18px",
              "minWidth": "18px",
            }
          }
          viewBox="0 0 24 24"
        >
          <path
            d="M3 21h3.75L17.81 9.94l-3.75-3.75L3 17.25V21zm2-2.92 9.06-9.06.92.92L5.92 19H5v-.92zM18.37 3.29a.9959.9959 0 0 0-1.41 0l-1.83 1.83 3.75 3.75 1.83-1.83c.39-.39.39-1.02 0-1.41l-2.34-2.34z"
          />
        </svg>
      </button>
      <button
        className="MuiButtonBase-root MuiButton-root MuiButton-text MuiButton-textPrimary MuiButton-sizeMedium MuiButton-textSizeMedium MuiButton-root MuiButton-text MuiButton-textPrimary MuiButton-sizeMedium MuiButton-textSizeMedium css-1e6y48t-MuiButtonBase-root-MuiButton-root"
        data-testid="delete-btn"
        disabled={false}
        onBlur={[Function]}
        onClick={[Function]}
        onContextMenu={[Function]}
        onDragLeave={[Function]}
        onFocus={[Function]}
        onKeyDown={[Function]}
        onKeyUp={[Function]}
        onMouseDown={[Function]}
        onMouseLeave={[Function]}
        onMouseUp={[Function]}
        onTouchEnd={[Function]}
        onTouchMove={[Function]}
        onTouchStart={[Function]}
        style={
          {
            "maxHeight": "30px",
            "maxWidth": "15x",
            "minHeight": "30px",
            "minWidth": "15px",
          }
        }
        tabIndex={0}
        type="button"
      >
        <svg
          aria-hidden={true}
          className="MuiSvgIcon-root MuiSvgIcon-fontSizeMedium css-i4bv87-MuiSvgIcon-root"
          data-testid="DeleteOutlineIcon"
          focusable="false"
          style={
            {
              "color": "#3AB4F2",
              "maxHeight": "18px",
              "maxWidth": "18x",
              "minHeight": "18px",
              "minWidth": "18px",
            }
          }
          viewBox="0 0 24 24"
        >
          <path
            d="M6 19c0 1.1.9 2 2 2h8c1.1 0 2-.9 2-2V7H6v12zM8 9h8v10H8V9zm7.5-5-1-1h-5l-1 1H5v2h14V4z"
          />
        </svg>
      </button>
    </div>
  </div>
</div>
`;
